// Vitest Snapshot v1

exports[`LoginScreen.vue > should render 1`] = `
<div
  class="c-login-screen"
>
  <h1>
    Welcome to tradly
  </h1>
  <h6>
    Login to your account
  </h6>
  <form>
    <input
      placeholder="Email"
      type="email"
    />
    <input
      placeholder="Password"
      type="password"
    />
    <button
      class="c-custom-button c-custom-button--inverted"
    >
      Login
    </button>
  </form>
  <a
    class="c-login-screen__forgot-password"
  >
    Forgot you password?
  </a>
  <span
    class="c-login-screen__sign-up"
  >
    Don't have an account? 
    <a>
      Sign up
    </a>
  </span>
</div>
`;
