// Vitest Snapshot v1

exports[`OnBoarding.vue > should render 1`] = `
<div
  class="c-on-boarding"
>
  <img
    src="/assets/imgs/on-boarding-step-1.svg"
  />
  <h3>
    Empowering Artisans, Farmers & Micro Business
  </h3>
  <div
    class="steps"
  >
    <div
      class="active"
    />
    <div />
    <div />
  </div>
  <button>
    Next
  </button>
</div>
`;
