// Vitest Snapshot v1

exports[`OnBoarding.vue > should render 1`] = `
<div
  class="c-on-boarding"
>
  <div
    class="c-on-boarding__item"
  >
    <img
      src="/assets/imgs/on-boarding-step-1.svg"
    />
    <h3>
      Empowering Artisans, Farmers & Micro Business
    </h3>
    <div
      class="c-on-boarding__item__steps"
    >
      <div
        class="c-on-boarding__item__steps--active"
      />
      <div />
      <div />
    </div>
    <button>
      Next
    </button>
  </div>
</div>
`;
